[GC pause (G1 Evacuation Pause) (young) 204M->68M(4096M), 0.0215886 secs]
[GC pause (G1 Evacuation Pause) (young) 246M->126M(4096M), 0.0180570 secs]
[GC pause (G1 Evacuation Pause) (young) 304M->187M(4096M), 0.0171817 secs]
[GC pause (G1 Evacuation Pause) (young) 365M->247M(4096M), 0.0139169 secs]
[GC pause (G1 Evacuation Pause) (young) 425M->311M(4096M), 0.0166300 secs]
[GC pause (G1 Evacuation Pause) (young) 489M->366M(4096M), 0.0144570 secs]
[GC pause (G1 Evacuation Pause) (young) 544M->423M(4096M), 0.0142437 secs]
[GC pause (G1 Evacuation Pause) (young) 619M->483M(4096M), 0.0185776 secs]
[GC pause (G1 Evacuation Pause) (young) 741M->563M(4096M), 0.0246129 secs]
[GC pause (G1 Evacuation Pause) (young) 833M->647M(4096M), 0.0266798 secs]
[GC pause (G1 Evacuation Pause) (young) 959M->736M(4096M), 0.0383049 secs]
[GC pause (G1 Evacuation Pause) (young) 1116M->835M(4096M), 0.0386244 secs]
[GC pause (G1 Evacuation Pause) (young) 1769M->1044M(4096M), 0.0944410 secs]
