[GC (Allocation Failure) [DefNew: 279616K->34943K(314560K), 0.0244703 secs] 279616K->79278K(1013632K), 0.0246380 secs] [Times: user=0.01 sys=0.01, real=0.03 secs]
[GC (Allocation Failure) [DefNew: 314559K->34943K(314560K), 0.0314628 secs] 358894K->157126K(1013632K), 0.0314952 secs] [Times: user=0.02 sys=0.02, real=0.03 secs]
[GC (Allocation Failure) [DefNew: 314559K->34943K(314560K), 0.0224379 secs] 436742K->229427K(1013632K), 0.0224749 secs] [Times: user=0.01 sys=0.01, real=0.02 secs]
[GC (Allocation Failure) [DefNew: 314559K->34943K(314560K), 0.0236737 secs] 509043K->313486K(1013632K), 0.0237050 secs] [Times: user=0.01 sys=0.02, real=0.02 secs]
[GC (Allocation Failure) [DefNew: 314559K->34943K(314560K), 0.0231254 secs] 593102K->397605K(1013632K), 0.0231571 secs] [Times: user=0.01 sys=0.01, real=0.03 secs]
[GC (Allocation Failure) [DefNew: 314559K->34942K(314560K), 0.0219566 secs] 677221K->474339K(1013632K), 0.0219853 secs] [Times: user=0.01 sys=0.01, real=0.02 secs]
[GC (Allocation Failure) [DefNew: 314558K->34943K(314560K), 0.0232452 secs] 753955K->556901K(1013632K), 0.0232732 secs] [Times: user=0.01 sys=0.02, real=0.02 secs]
[GC (Allocation Failure) [DefNew: 314559K->34941K(314560K), 0.0213385 secs] 836517K->635257K(1013632K), 0.0213629 secs] [Times: user=0.00 sys=0.01, real=0.02 secs]
[GC (Allocation Failure) [DefNew: 314557K->314557K(314560K), 0.0000189 secs][Tenured: 600315K->367988K(699072K), 0.0356962 secs] 914873K->367988K(1013632K), [Metaspace: 2789K->2789K(1056768K)], 0.0357595 secs] [Times: user=0.03 sys=0.01, real=0.04 secs]
[GC (Allocation Failure) [DefNew: 279616K->34943K(314560K), 0.0077818 secs] 647604K->460029K(1013632K), 0.0078079 secs] [Times: user=0.01 sys=0.00, real=0.00 secs]
[GC (Allocation Failure) [DefNew: 314559K->34943K(314560K), 0.0081385 secs] 739645K->542243K(1013632K), 0.0081627 secs] [Times: user=0.01 sys=0.00, real=0.01 secs]
[GC (Allocation Failure) [DefNew: 314559K->34943K(314560K), 0.0085217 secs] 821859K->626007K(1013632K), 0.0085465 secs] [Times: user=0.01 sys=0.00, real=0.01 secs]
[GC (Allocation Failure) [DefNew: 314559K->34943K(314560K), 0.0207335 secs] 905623K->704261K(1013632K), 0.0207592 secs] [Times: user=0.01 sys=0.02, real=0.02 secs]
[GC (Allocation Failure) [DefNew: 314559K->314559K(314560K), 0.0000133 secs][Tenured: 669317K->400848K(699072K), 0.0275227 secs] 983877K->400848K(1013632K), [Metaspace: 2789K->2789K(1056768K)], 0.0276135 secs] [Times: user=0.03 sys=0.00, real=0.03 secs]
[GC (Allocation Failure) [DefNew: 279616K->34944K(314560K), 0.0050264 secs] 680464K->480360K(1013632K), 0.0050612 secs] [Times: user=0.00 sys=0.00, real=0.01 secs]
[GC (Allocation Failure) [DefNew: 314560K->34942K(314560K), 0.0070727 secs] 759976K->559588K(1013632K), 0.0070977 secs] [Times: user=0.01 sys=0.00, real=0.01 secs]
[GC (Allocation Failure) [DefNew: 314266K->34944K(314560K), 0.0079084 secs] 838911K->643774K(1013632K), 0.0079370 secs] [Times: user=0.00 sys=0.00, real=0.00 secs]
[GC (Allocation Failure) [DefNew: 314560K->314560K(314560K), 0.0000138 secs][Tenured: 608830K->414780K(699072K), 0.0249021 secs] 923390K->414780K(1013632K), [Metaspace: 2789K->2789K(1056768K)], 0.0249552 secs] [Times: user=0.03 sys=0.00, real=0.03 secs]