[GC (Allocation Failure) [PSYoungGen: 65238K->10740K(76288K)] 65238K->21859K(251392K), 0.0097526 secs] [Times: user=0.01 sys=0.03, real=0.01 secs]
[GC (Allocation Failure) [PSYoungGen: 76276K->10746K(141824K)] 87395K->41446K(316928K), 0.0110432 secs] [Times: user=0.01 sys=0.05, real=0.01 secs]
[GC (Allocation Failure) [PSYoungGen: 141818K->10750K(141824K)] 172518K->84092K(316928K), 0.0176193 secs] [Times: user=0.01 sys=0.06, real=0.01 secs]
[GC (Allocation Failure) [PSYoungGen: 141822K->10744K(272896K)] 215164K->128010K(448000K), 0.0157598 secs] [Times: user=0.01 sys=0.06, real=0.01 secs]
[GC (Allocation Failure) [PSYoungGen: 272888K->10747K(272896K)] 390154K->203278K(465920K), 0.0287434 secs] [Times: user=0.02 sys=0.12, real=0.03 secs]
[Full GC (Ergonomics) [PSYoungGen: 10747K->0K(272896K)] [ParOldGen: 192530K->165844K(324096K)] 203278K->165844K(596992K), [Metaspace: 2789K->2789K(1056768K)], 0.0185893 secs] [Times: user=0.07 sys=0.05, real=0.02 secs]
[GC (Allocation Failure) [PSYoungGen: 262144K->79193K(564736K)] 427988K->245037K(888832K), 0.0198236 secs] [Times: user=0.02 sys=0.07, real=0.02 secs]
[GC (Allocation Failure) [PSYoungGen: 564569K->103420K(593920K)] 730413K->355391K(918016K), 0.0602055 secs] [Times: user=0.03 sys=0.25, real=0.06 secs]
[Full GC (Ergonomics) [PSYoungGen: 103420K->0K(593920K)] [ParOldGen: 251970K->265821K(454144K)] 355391K->265821K(1048064K), [Metaspace: 2789K->2789K(1056768K)], 0.0260213 secs] [Times: user=0.09 sys=0.07, real=0.03 secs]
[GC (Allocation Failure) [PSYoungGen: 490496K->148461K(1044992K)] 756317K->414282K(1499136K), 0.0387645 secs] [Times: user=0.02 sys=0.14, real=0.04 secs]
[GC (Allocation Failure) [PSYoungGen: 1029101K->186365K(1067008K)] 1294922K->546731K(1521152K), 0.0951690 secs] [Times: user=0.07 sys=0.34, real=0.09 secs]
[Full GC (Ergonomics) [PSYoungGen: 186365K->0K(1067008K)] [ParOldGen: 360365K->361092K(575488K)] 546731K->361092K(1642496K), [Metaspace: 2789K->2789K(1056768K)], 0.0618290 secs] [Times: user=0.10 sys=0.25, real=0.06 secs]