[GC (Allocation Failure) [ParNew: 279616K->34944K(314560K), 0.0274642 secs] 279616K->83955K(1013632K), 0.0286242 secs] [Times: user=0.03 sys=0.11, real=0.03 secs]
[GC (Allocation Failure) [ParNew: 314560K->34943K(314560K), 0.0275943 secs] 363571K->158244K(1013632K), 0.0276302 secs] [Times: user=0.03 sys=0.12, real=0.03 secs]
[GC (Allocation Failure) [ParNew: 314559K->34942K(314560K), 0.0271020 secs] 437860K->238666K(1013632K), 0.0271335 secs] [Times: user=0.16 sys=0.03, real=0.03 secs]
[GC (Allocation Failure) [ParNew: 314558K->34944K(314560K), 0.0282051 secs] 518282K->317328K(1013632K), 0.0282468 secs] [Times: user=0.15 sys=0.03, real=0.03 secs]
[GC (Allocation Failure) [ParNew: 314560K->34943K(314560K), 0.0283240 secs] 596944K->400283K(1013632K), 0.0283634 secs] [Times: user=0.14 sys=0.04, real=0.03 secs]
[GC (CMS Initial Mark) [1 CMS-initial-mark: 365340K(699072K)] 406146K(1013632K), 0.0002028 secs] [Times: user=0.00 sys=0.00, real=0.00 secs]
[CMS-concurrent-mark-start]
[CMS-concurrent-mark: 0.003/0.003 secs] [Times: user=0.00 sys=0.01, real=0.01 secs]
[CMS-concurrent-preclean-start]
[CMS-concurrent-preclean: 0.001/0.001 secs] [Times: user=0.01 sys=0.00, real=0.00 secs]
[CMS-concurrent-abortable-preclean-start]
[GC (Allocation Failure) [ParNew: 314559K->34942K(314560K), 0.0301252 secs] 679899K->485948K(1013632K), 0.0301613 secs] [Times: user=0.15 sys=0.03, real=0.03 secs]
[GC (Allocation Failure) [ParNew: 314558K->34943K(314560K), 0.0309585 secs] 765564K->575441K(1013632K), 0.0309960 secs] [Times: user=0.17 sys=0.04, real=0.03 secs]
[GC (Allocation Failure) [ParNew: 314212K->34943K(314560K), 0.0256074 secs] 854709K->650387K(1013632K), 0.0256431 secs] [Times: user=0.14 sys=0.03, real=0.03 secs]
[GC (Allocation Failure) [ParNew: 314559K->314559K(314560K), 0.0000253 secs][CMS[CMS-concurrent-abortable-preclean: 0.006/0.198 secs] [Times: user=0.57 sys=0.10, real=0.20 secs]
 (concurrent mode failure): 615444K->331719K(699072K), 0.0718954 secs] 930003K->331719K(1013632K), [Metaspace: 2789K->2789K(1056768K)], 0.0719682 secs] [Times: user=0.03 sys=0.04, real=0.07 secs]
[GC (Allocation Failure) [ParNew: 279616K->34942K(314560K), 0.0096911 secs] 611335K->413996K(1013632K), 0.0097355 secs] [Times: user=0.06 sys=0.01, real=0.01 secs]
[GC (CMS Initial Mark) [1 CMS-initial-mark: 379053K(699072K)] 414680K(1013632K), 0.0001465 secs] [Times: user=0.00 sys=0.00, real=0.00 secs]
[CMS-concurrent-mark-start]
[CMS-concurrent-mark: 0.001/0.001 secs] [Times: user=0.01 sys=0.00, real=0.00 secs]
[CMS-concurrent-preclean-start]
[CMS-concurrent-preclean: 0.001/0.001 secs] [Times: user=0.00 sys=0.00, real=0.00 secs]
[CMS-concurrent-abortable-preclean-start]
[GC (Allocation Failure) [ParNew: 314558K->34942K(314560K), 0.0117027 secs] 693612K->492317K(1013632K), 0.0117327 secs] [Times: user=0.07 sys=0.01, real=0.01 secs]
[GC (Allocation Failure) [ParNew: 314558K->34943K(314560K), 0.0104016 secs] 771933K->567461K(1013632K), 0.0104321 secs] [Times: user=0.07 sys=0.00, real=0.01 secs]
[GC (Allocation Failure) [ParNew: 314559K->34943K(314560K), 0.0119410 secs] 847077K->647918K(1013632K), 0.0119749 secs] [Times: user=0.08 sys=0.01, real=0.01 secs]
[GC (Allocation Failure) [ParNew: 314559K->314559K(314560K), 0.0000157 secs][CMS[CMS-concurrent-abortable-preclean: 0.005/0.147 secs] [Times: user=0.34 sys=0.02, real=0.15 secs]
 (concurrent mode failure): 612975K->357474K(699072K), 0.0257015 secs] 927534K->357474K(1013632K), [Metaspace: 2789K->2789K(1056768K)], 0.0257664 secs] [Times: user=0.02 sys=0.00, real=0.02 secs]
[GC (Allocation Failure) [ParNew: 279616K->34943K(314560K), 0.0057504 secs] 637090K->439977K(1013632K), 0.0057832 secs] [Times: user=0.04 sys=0.00, real=0.01 secs]
[GC (CMS Initial Mark) [1 CMS-initial-mark: 405033K(699072K)] 439995K(1013632K), 0.0001140 secs] [Times: user=0.00 sys=0.00, real=0.00 secs]
[CMS-concurrent-mark-start]
[CMS-concurrent-mark: 0.001/0.001 secs] [Times: user=0.00 sys=0.00, real=0.00 secs]
[CMS-concurrent-preclean-start]
[CMS-concurrent-preclean: 0.001/0.001 secs] [Times: user=0.01 sys=0.00, real=0.00 secs]
[CMS-concurrent-abortable-preclean-start]
[GC (Allocation Failure) [ParNew: 314559K->34942K(314560K), 0.0079453 secs] 719593K->515860K(1013632K), 0.0079755 secs] [Times: user=0.06 sys=0.01, real=0.00 secs]
[GC (Allocation Failure) [ParNew: 314558K->34943K(314560K), 0.0081288 secs] 795476K->595958K(1013632K), 0.0081563 secs] [Times: user=0.05 sys=0.00, real=0.01 secs]
 CMS: abort preclean due to time [CMS-concurrent-abortable-preclean: 0.098/5.096 secs] [Times: user=0.27 sys=0.01, real=5.09 secs]
[GC (CMS Final Remark) [YG occupancy: 108887 K (314560 K)][Rescan (parallel) , 0.0011889 secs][weak refs processing, 0.0000239 secs][class unloading, 0.0009694 secs][scrub symbol table, 0.0013243 secs][scrub string table, 0.0002442 secs][1 CMS-remark: 561014K(699072K)] 669901K(1013632K), 0.0038955 secs] [Times: user=0.01 sys=0.00, real=0.00 secs]
[CMS-concurrent-sweep-start]
[CMS-concurrent-sweep: 0.003/0.003 secs] [Times: user=0.00 sys=0.00, real=0.00 secs]
[CMS-concurrent-reset-start]
[CMS-concurrent-reset: 0.001/0.001 secs] [Times: user=0.00 sys=0.00, real=0.00 secs]
[GC (CMS Initial Mark) [1 CMS-initial-mark: 488550K(699072K)] 597438K(1013632K), 0.0006993 secs] [Times: user=0.00 sys=0.00, real=0.00 secs]
[CMS-concurrent-mark-start]
[CMS-concurrent-mark: 0.004/0.004 secs] [Times: user=0.01 sys=0.00, real=0.00 secs]
[CMS-concurrent-preclean-start]
[CMS-concurrent-preclean: 0.002/0.002 secs] [Times: user=0.00 sys=0.00, real=0.00 secs]
[CMS-concurrent-abortable-preclean-start]