[GC pause (G1 Evacuation Pause) (young) 62M->24M(1024M), 0.0072215 secs]
[GC pause (G1 Evacuation Pause) (young) 77M->39M(1024M), 0.0052915 secs]
[GC pause (G1 Evacuation Pause) (young) 95M->58M(1024M), 0.0046491 secs]
[GC pause (G1 Evacuation Pause) (young) 148M->86M(1024M), 0.0077601 secs]
[GC pause (G1 Evacuation Pause) (young) 182M->119M(1024M), 0.0098540 secs]
[GC pause (G1 Evacuation Pause) (young) 266M->160M(1024M), 0.0109762 secs]
[GC pause (G1 Evacuation Pause) (young) 346M->212M(1024M), 0.0153912 secs]
[GC pause (G1 Evacuation Pause) (young) 401M->256M(1024M), 0.0135661 secs]
[GC pause (G1 Evacuation Pause) (young) 667M->363M(1024M), 0.0239784 secs]
[GC pause (G1 Evacuation Pause) (young) 647M->428M(1024M), 0.0174464 secs]
[GC pause (G1 Humongous Allocation) (young) (initial-mark) 472M->439M(1024M), 0.0043587 secs]
[GC concurrent-root-region-scan-start]
[GC concurrent-root-region-scan-end, 0.0001204 secs]
[GC concurrent-mark-start]
[GC concurrent-mark-end, 0.0027211 secs]
[GC remark, 0.0019815 secs]
[GC cleanup 465M->450M(1024M), 0.0007143 secs]
[GC concurrent-cleanup-start]
[GC concurrent-cleanup-end, 0.0000234 secs]
[GC pause (G1 Evacuation Pause) (young)-- 841M->579M(1024M), 0.0107237 secs]
[GC pause (G1 Evacuation Pause) (mixed) 589M->499M(1024M), 0.0072208 secs]
[GC pause (G1 Humongous Allocation) (young) (initial-mark) 502M->499M(1024M), 0.0007101 secs]
[GC concurrent-root-region-scan-start]
[GC concurrent-root-region-scan-end, 0.0000474 secs]
[GC concurrent-mark-start]
[GC concurrent-mark-end, 0.0008568 secs]
[GC remark, 0.0013197 secs]
[GC cleanup 507M->501M(1024M), 0.0005683 secs]
[GC concurrent-cleanup-start]
[GC concurrent-cleanup-end, 0.0000077 secs]
[GC pause (G1 Evacuation Pause) (young) 847M->580M(1024M), 0.0073792 secs]
[GC pause (G1 Evacuation Pause) (mixed) 601M->493M(1024M), 0.0044841 secs]
[GC pause (G1 Evacuation Pause) (mixed) 550M->471M(1024M), 0.0041993 secs]
[GC pause (G1 Humongous Allocation) (young) (initial-mark) 477M->472M(1024M), 0.0013359 secs]
[GC concurrent-root-region-scan-start]
[GC concurrent-root-region-scan-end, 0.0000885 secs]
[GC concurrent-mark-start]
[GC concurrent-mark-end, 0.0012357 secs]
[GC remark, 0.0013212 secs]
[GC cleanup 480M->473M(1024M), 0.0005789 secs]
[GC concurrent-cleanup-start]
[GC concurrent-cleanup-end, 0.0000102 secs]
[GC pause (G1 Evacuation Pause) (young) 827M->535M(1024M), 0.0063297 secs]
[GC pause (G1 Evacuation Pause) (mixed) 549M->467M(1024M), 0.0057949 secs]
[GC pause (G1 Evacuation Pause) (mixed) 523M->478M(1024M), 0.0023604 secs]
[GC pause (G1 Humongous Allocation) (young) (initial-mark) 480M->479M(1024M), 0.0013094 secs]
[GC concurrent-root-region-scan-start]
[GC concurrent-root-region-scan-end, 0.0000580 secs]
[GC concurrent-mark-start]
[GC concurrent-mark-end, 0.0007369 secs]
[GC remark, 0.0011320 secs]
[GC cleanup 484M->480M(1024M), 0.0008596 secs]
[GC concurrent-cleanup-start]
[GC concurrent-cleanup-end, 0.0000150 secs]
[GC pause (G1 Evacuation Pause) (young)-- 847M->596M(1024M), 0.0065049 secs]
[GC pause (G1 Evacuation Pause) (mixed) 612M->524M(1024M), 0.0069934 secs]
[GC pause (G1 Evacuation Pause) (mixed) 581M->528M(1024M), 0.0027533 secs]
[GC pause (G1 Humongous Allocation) (young) (initial-mark) 528M->527M(1024M), 0.0008793 secs]
[GC concurrent-root-region-scan-start]
[GC concurrent-root-region-scan-end, 0.0000524 secs]
[GC concurrent-mark-start]
[GC concurrent-mark-end, 0.0008141 secs]
[GC remark, 0.0010956 secs]
[GC cleanup 538M->537M(1024M), 0.0007035 secs]
[GC concurrent-cleanup-start]
[GC concurrent-cleanup-end, 0.0000046 secs]
[GC pause (G1 Evacuation Pause) (young)-- 892M->785M(1024M), 0.0035572 secs]
[GC pause (G1 Evacuation Pause) (mixed) 819M->702M(1024M), 0.0040140 secs]
[GC pause (G1 Evacuation Pause) (mixed) 756M->666M(1024M), 0.0052423 secs]
[GC pause (G1 Humongous Allocation) (young) (initial-mark) 668M->667M(1024M), 0.0010851 secs]
[GC concurrent-root-region-scan-start]
[GC concurrent-root-region-scan-end, 0.0000909 secs]
[GC concurrent-mark-start]
[GC concurrent-mark-end, 0.0009182 secs]
[GC remark, 0.0012560 secs]
[GC cleanup 674M->664M(1024M), 0.0008192 secs]
[GC concurrent-cleanup-start]
[GC concurrent-cleanup-end, 0.0000100 secs]
[GC pause (G1 Evacuation Pause) (young) 834M->699M(1024M), 0.0048982 secs]
[GC pause (G1 Evacuation Pause) (mixed) 749M->613M(1024M), 0.0032994 secs]
[GC pause (G1 Evacuation Pause) (mixed) 667M->547M(1024M), 0.0048165 secs]
[GC pause (G1 Evacuation Pause) (mixed) 599M->492M(1024M), 0.0049369 secs]
[GC pause (G1 Evacuation Pause) (mixed) 543M->493M(1024M), 0.0030857 secs]
[GC pause (G1 Humongous Allocation) (young) (initial-mark) 494M->493M(1024M), 0.0014920 secs]
[GC concurrent-root-region-scan-start]
[GC concurrent-root-region-scan-end, 0.0000860 secs]
[GC concurrent-mark-start]
[GC concurrent-mark-end, 0.0009545 secs]
[GC remark, 0.0012101 secs]
[GC cleanup 500M->497M(1024M), 0.0008691 secs]
[GC concurrent-cleanup-start]
[GC concurrent-cleanup-end, 0.0000111 secs]
[GC pause (G1 Evacuation Pause) (young) 828M->561M(1024M), 0.0062341 secs]
[GC pause (G1 Evacuation Pause) (mixed) 582M->497M(1024M), 0.0063511 secs]
[GC pause (G1 Evacuation Pause) (mixed) 555M->509M(1024M), 0.0035760 secs]
[GC pause (G1 Humongous Allocation) (young) (initial-mark) 514M->509M(1024M), 0.0009083 secs]
[GC concurrent-root-region-scan-start]
[GC concurrent-root-region-scan-end, 0.0000508 secs]
[GC concurrent-mark-start]
[GC concurrent-mark-end, 0.0008367 secs]
[GC remark, 0.0010675 secs]
[GC cleanup 517M->514M(1024M), 0.0006702 secs]
[GC concurrent-cleanup-start]
[GC concurrent-cleanup-end, 0.0000050 secs]
[GC pause (G1 Evacuation Pause) (young) 832M->584M(1024M), 0.0060377 secs]
[GC pause (G1 Evacuation Pause) (mixed) 605M->516M(1024M), 0.0053100 secs]
[GC pause (G1 Evacuation Pause) (mixed) 572M->513M(1024M), 0.0052955 secs]
[GC pause (G1 Humongous Allocation) (young) (initial-mark) 514M->512M(1024M), 0.0009509 secs]
[GC concurrent-root-region-scan-start]
[GC concurrent-root-region-scan-end, 0.0000422 secs]
[GC concurrent-mark-start]
[GC concurrent-mark-end, 0.0007307 secs]
[GC remark, 0.0010928 secs]
[GC cleanup 518M->516M(1024M), 0.0007178 secs]
[GC concurrent-cleanup-start]
[GC concurrent-cleanup-end, 0.0000071 secs]