[GC (Allocation Failure) [PSYoungGen: 64965K->10751K(76288K)] 64965K->20524K(251392K), 0.0078126 secs] [Times: user=0.00 sys=0.03, real=0.00 secs]
[GC (Allocation Failure) [PSYoungGen: 76287K->10746K(76288K)] 86060K->40544K(251392K), 0.0102232 secs] [Times: user=0.00 sys=0.05, real=0.01 secs]
[GC (Allocation Failure) [PSYoungGen: 76282K->10734K(76288K)] 106080K->66289K(251392K), 0.0094887 secs] [Times: user=0.01 sys=0.04, real=0.01 secs]
[GC (Allocation Failure) [PSYoungGen: 76209K->10751K(76288K)] 131764K->86431K(251392K), 0.0069194 secs] [Times: user=0.01 sys=0.02, real=0.01 secs]
[GC (Allocation Failure) [PSYoungGen: 76287K->10738K(76288K)] 151967K->108119K(251392K), 0.0076172 secs] [Times: user=0.01 sys=0.03, real=0.01 secs]
[GC (Allocation Failure) [PSYoungGen: 75746K->10747K(40448K)] 173127K->130199K(215552K), 0.0076346 secs] [Times: user=0.01 sys=0.03, real=0.01 secs]
[GC (Allocation Failure) [PSYoungGen: 40209K->17594K(58368K)] 159661K->141559K(233472K), 0.0023844 secs] [Times: user=0.01 sys=0.01, real=0.00 secs]
[GC (Allocation Failure) [PSYoungGen: 47115K->26745K(58368K)] 171081K->152412K(233472K), 0.0034020 secs] [Times: user=0.02 sys=0.00, real=0.00 secs]
[GC (Allocation Failure) [PSYoungGen: 55950K->28657K(58368K)] 181618K->161892K(233472K), 0.0034407 secs] [Times: user=0.02 sys=0.01, real=0.01 secs]
[GC (Allocation Failure) [PSYoungGen: 58353K->17590K(58368K)] 191588K->168766K(233472K), 0.0059960 secs] [Times: user=0.01 sys=0.02, real=0.01 secs]
[Full GC (Ergonomics) [PSYoungGen: 17590K->0K(58368K)] [ParOldGen: 151176K->141999K(175104K)] 168766K->141999K(233472K), [Metaspace: 2789K->2789K(1056768K)], 0.0123267 secs] [Times: user=0.05 sys=0.02, real=0.01 secs]
[GC (Allocation Failure) [PSYoungGen: 29280K->9741K(58368K)] 171280K->151741K(233472K), 0.0009482 secs] [Times: user=0.00 sys=0.00, real=0.00 secs]
[GC (Allocation Failure) [PSYoungGen: 39437K->9549K(58368K)] 181437K->161162K(233472K), 0.0014961 secs] [Times: user=0.00 sys=0.00, real=0.00 secs]
[Full GC (Ergonomics) [PSYoungGen: 9549K->0K(58368K)] [ParOldGen: 151613K->153811K(175104K)] 161162K->153811K(233472K), [Metaspace: 2789K->2789K(1056768K)], 0.0100162 secs] [Times: user=0.05 sys=0.00, real=0.01 secs]
[Full GC (Ergonomics) [PSYoungGen: 29661K->0K(58368K)] [ParOldGen: 153811K->160414K(175104K)] 183473K->160414K(233472K), [Metaspace: 2789K->2789K(1056768K)], 0.0094472 secs] [Times: user=0.04 sys=0.01, real=0.01 secs]
[Full GC (Ergonomics) [PSYoungGen: 29650K->0K(58368K)] [ParOldGen: 160414K->163452K(175104K)] 190065K->163452K(233472K), [Metaspace: 2789K->2789K(1056768K)], 0.0092011 secs] [Times: user=0.05 sys=0.01, real=0.01 secs]
[Full GC (Ergonomics) [PSYoungGen: 29271K->0K(58368K)] [ParOldGen: 163452K->167654K(175104K)] 192724K->167654K(233472K), [Metaspace: 2789K->2789K(1056768K)], 0.0095201 secs] [Times: user=0.04 sys=0.01, real=0.01 secs]
[Full GC (Ergonomics) [PSYoungGen: 29277K->0K(58368K)] [ParOldGen: 167654K->173499K(175104K)] 196931K->173499K(233472K), [Metaspace: 2789K->2789K(1056768K)], 0.0098609 secs] [Times: user=0.04 sys=0.00, real=0.01 secs]
[Full GC (Ergonomics) [PSYoungGen: 29673K->5336K(58368K)] [ParOldGen: 173499K->175034K(175104K)] 203173K->180370K(233472K), [Metaspace: 2789K->2789K(1056768K)], 0.0116278 secs] [Times: user=0.06 sys=0.01, real=0.01 secs]
[Full GC (Ergonomics) [PSYoungGen: 29511K->7467K(58368K)] [ParOldGen: 175034K->174954K(175104K)] 204546K->182421K(233472K), [Metaspace: 2789K->2789K(1056768K)], 0.0094079 secs] [Times: user=0.06 sys=0.00, real=0.01 secs]
[Full GC (Ergonomics) [PSYoungGen: 29696K->12507K(58368K)] [ParOldGen: 174954K->174134K(175104K)] 204650K->186642K(233472K), [Metaspace: 2789K->2789K(1056768K)], 0.0111483 secs] [Times: user=0.07 sys=0.01, real=0.01 secs]
[Full GC (Ergonomics) [PSYoungGen: 29696K->16265K(58368K)] [ParOldGen: 174134K->174826K(175104K)] 203830K->191092K(233472K), [Metaspace: 2789K->2789K(1056768K)], 0.0100735 secs] [Times: user=0.06 sys=0.00, real=0.01 secs]
[Full GC (Ergonomics) [PSYoungGen: 29418K->15244K(58368K)] [ParOldGen: 174826K->174805K(175104K)] 204245K->190050K(233472K), [Metaspace: 2789K->2789K(1056768K)], 0.0097024 secs] [Times: user=0.06 sys=0.00, real=0.01 secs]
[Full GC (Ergonomics) [PSYoungGen: 29548K->17189K(58368K)] [ParOldGen: 174805K->174978K(175104K)] 204354K->192168K(233472K), [Metaspace: 2789K->2789K(1056768K)], 0.0122445 secs] [Times: user=0.06 sys=0.01, real=0.01 secs]
[Full GC (Ergonomics) [PSYoungGen: 29696K->20212K(58368K)] [ParOldGen: 174978K->174916K(175104K)] 204674K->195128K(233472K), [Metaspace: 2789K->2789K(1056768K)], 0.0100918 secs] [Times: user=0.06 sys=0.00, real=0.01 secs]
[Full GC (Ergonomics) [PSYoungGen: 29696K->21205K(58368K)] [ParOldGen: 174916K->174752K(175104K)] 204612K->195957K(233472K), [Metaspace: 2789K->2789K(1056768K)], 0.0122020 secs] [Times: user=0.06 sys=0.01, real=0.02 secs]
[Full GC (Ergonomics) [PSYoungGen: 29511K->22019K(58368K)] [ParOldGen: 174752K->174896K(175104K)] 204263K->196915K(233472K), [Metaspace: 2789K->2789K(1056768K)], 0.0101717 secs] [Times: user=0.06 sys=0.00, real=0.01 secs]
[Full GC (Ergonomics) [PSYoungGen: 29540K->22256K(58368K)] [ParOldGen: 174896K->174382K(175104K)] 204436K->196638K(233472K), [Metaspace: 2789K->2789K(1056768K)], 0.0131263 secs] [Times: user=0.07 sys=0.00, real=0.01 secs]
[Full GC (Ergonomics) [PSYoungGen: 29611K->23516K(58368K)] [ParOldGen: 174382K->174894K(175104K)] 203993K->198410K(233472K), [Metaspace: 2789K->2789K(1056768K)], 0.0096734 secs] [Times: user=0.05 sys=0.01, real=0.00 secs]
[Full GC (Ergonomics) [PSYoungGen: 29695K->23674K(58368K)] [ParOldGen: 174894K->174981K(175104K)] 204590K->198655K(233472K), [Metaspace: 2789K->2789K(1056768K)], 0.0120462 secs] [Times: user=0.07 sys=0.00, real=0.01 secs]
[Full GC (Ergonomics) [PSYoungGen: 29509K->25692K(58368K)] [ParOldGen: 174981K->174693K(175104K)] 204491K->200385K(233472K), [Metaspace: 2789K->2789K(1056768K)], 0.0062499 secs] [Times: user=0.04 sys=0.01, real=0.01 secs]
[Full GC (Ergonomics) [PSYoungGen: 29258K->25485K(58368K)] [ParOldGen: 174693K->175007K(175104K)] 203952K->200493K(233472K), [Metaspace: 2789K->2789K(1056768K)], 0.0089358 secs] [Times: user=0.04 sys=0.00, real=0.01 secs]
[Full GC (Ergonomics) [PSYoungGen: 29259K->25517K(58368K)] [ParOldGen: 175007K->174850K(175104K)] 204267K->200367K(233472K), [Metaspace: 2789K->2789K(1056768K)], 0.0087647 secs] [Times: user=0.05 sys=0.00, real=0.01 secs]
[Full GC (Ergonomics) [PSYoungGen: 29692K->26134K(58368K)] [ParOldGen: 174850K->174934K(175104K)] 204543K->201068K(233472K), [Metaspace: 2789K->2789K(1056768K)], 0.0117001 secs] [Times: user=0.06 sys=0.01, real=0.01 secs]
[Full GC (Ergonomics) [PSYoungGen: 29572K->27392K(58368K)] [ParOldGen: 174934K->174785K(175104K)] 204507K->202178K(233472K), [Metaspace: 2789K->2789K(1056768K)], 0.0069160 secs] [Times: user=0.04 sys=0.00, real=0.01 secs]
[Full GC (Ergonomics) [PSYoungGen: 29406K->28473K(58368K)] [ParOldGen: 174785K->175027K(175104K)] 204192K->203501K(233472K), [Metaspace: 2789K->2789K(1056768K)], 0.0041345 secs] [Times: user=0.03 sys=0.00, real=0.00 secs]
[Full GC (Ergonomics) [PSYoungGen: 29644K->29136K(58368K)] [ParOldGen: 175027K->175006K(175104K)] 204672K->204142K(233472K), [Metaspace: 2789K->2789K(1056768K)], 0.0117005 secs] [Times: user=0.06 sys=0.01, real=0.02 secs]
[Full GC (Ergonomics) [PSYoungGen: 29665K->29199K(58368K)] [ParOldGen: 175006K->175006K(175104K)] 204671K->204205K(233472K), [Metaspace: 2789K->2789K(1056768K)], 0.0019184 secs] [Times: user=0.01 sys=0.00, real=0.00 secs]
[Full GC (Ergonomics) [PSYoungGen: 29629K->29189K(58368K)] [ParOldGen: 175006K->175006K(175104K)] 204635K->204195K(233472K), [Metaspace: 2789K->2789K(1056768K)], 0.0014487 secs] [Times: user=0.00 sys=0.00, real=0.00 secs]
[Full GC (Allocation Failure) [PSYoungGen: 29189K->29189K(58368K)] [ParOldGen: 175006K->174986K(175104K)] 204195K->204176K(233472K), [Metaspace: 2789K->2789K(1056768K)], 0.0077011 secs] [Times: user=0.04 sys=0.00, real=0.01 secs]
Exception in thread "main" java.lang.OutOfMemoryError: Java heap space
        at work4.GCLogAnalysis.generateGarbage(GCLogAnalysis.java:49)
        at work4.GCLogAnalysis.main(GCLogAnalysis.java:25)
