[GC (Allocation Failure) [PSYoungGen: 131584K->21501K(153088K)] 131584K->43293K(502784K), 0.0148840 secs] [Times: user=0.01 sys=0.07, real=0.02 secs]
[GC (Allocation Failure) [PSYoungGen: 153085K->21501K(153088K)] 174877K->83997K(502784K), 0.0164842 secs] [Times: user=0.02 sys=0.07, real=0.02 secs]
[GC (Allocation Failure) [PSYoungGen: 152516K->21494K(153088K)] 215013K->123736K(502784K), 0.0121494 secs] [Times: user=0.02 sys=0.05, real=0.01 secs]
[GC (Allocation Failure) [PSYoungGen: 153078K->21503K(153088K)] 255320K->165004K(502784K), 0.0152893 secs] [Times: user=0.02 sys=0.06, real=0.01 secs]
[GC (Allocation Failure) [PSYoungGen: 153051K->21501K(153088K)] 296553K->203201K(502784K), 0.0128483 secs] [Times: user=0.02 sys=0.05, real=0.01 secs]
[GC (Allocation Failure) [PSYoungGen: 153085K->21499K(80384K)] 334785K->250312K(430080K), 0.0128219 secs] [Times: user=0.01 sys=0.04, real=0.02 secs]
[GC (Allocation Failure) [PSYoungGen: 80379K->38620K(116736K)] 309192K->271723K(466432K), 0.0033346 secs] [Times: user=0.02 sys=0.01, real=0.01 secs]
[GC (Allocation Failure) [PSYoungGen: 97463K->54027K(116736K)] 330566K->293878K(466432K), 0.0052316 secs] [Times: user=0.02 sys=0.01, real=0.01 secs]
[GC (Allocation Failure) [PSYoungGen: 112907K->57807K(116736K)] 352758K->310684K(466432K), 0.0069242 secs] [Times: user=0.03 sys=0.01, real=0.01 secs]
[GC (Allocation Failure) [PSYoungGen: 116576K->36487K(116736K)] 369453K->327503K(466432K), 0.0106605 secs] [Times: user=0.02 sys=0.04, real=0.01 secs]
[Full GC (Ergonomics) [PSYoungGen: 36487K->0K(116736K)] [ParOldGen: 291015K->237448K(349696K)] 327503K->237448K(466432K), [Metaspace: 2789K->2789K(1056768K)], 0.0206035 secs] [Times: user=0.07 sys=0.04, real=0.02 secs]
[GC (Allocation Failure) [PSYoungGen: 58664K->20043K(116736K)] 296113K->257492K(466432K), 0.0016029 secs] [Times: user=0.01 sys=0.00, real=0.00 secs]
[GC (Allocation Failure) [PSYoungGen: 78280K->18977K(116736K)] 315729K->274587K(466432K), 0.0025809 secs] [Times: user=0.01 sys=0.00, real=0.00 secs]
[GC (Allocation Failure) [PSYoungGen: 77857K->19552K(116736K)] 333467K->293542K(466432K), 0.0036359 secs] [Times: user=0.02 sys=0.00, real=0.00 secs]
[GC (Allocation Failure) [PSYoungGen: 78227K->16748K(116736K)] 352216K->310031K(466432K), 0.0032568 secs] [Times: user=0.01 sys=0.00, real=0.00 secs]
[GC (Allocation Failure) [PSYoungGen: 75443K->25859K(116736K)] 368726K->334578K(466432K), 0.0055320 secs] [Times: user=0.01 sys=0.02, real=0.01 secs]
[Full GC (Ergonomics) [PSYoungGen: 25859K->0K(116736K)] [ParOldGen: 308719K->279122K(349696K)] 334578K->279122K(466432K), [Metaspace: 2789K->2789K(1056768K)], 0.0198722 secs] [Times: user=0.10 sys=0.01, real=0.02 secs]
[GC (Allocation Failure) [PSYoungGen: 58681K->17035K(116736K)] 337804K->296158K(466432K), 0.0015575 secs] [Times: user=0.01 sys=0.00, real=0.00 secs]
[GC (Allocation Failure) [PSYoungGen: 75684K->22366K(116736K)] 354807K->317509K(466432K), 0.0026730 secs] [Times: user=0.02 sys=0.00, real=0.00 secs]
[GC (Allocation Failure) [PSYoungGen: 81246K->19873K(116736K)] 376389K->334896K(466432K), 0.0039390 secs] [Times: user=0.02 sys=0.01, real=0.00 secs]
[Full GC (Ergonomics) [PSYoungGen: 19873K->0K(116736K)] [ParOldGen: 315023K->288620K(349696K)] 334896K->288620K(466432K), [Metaspace: 2789K->2789K(1056768K)], 0.0185910 secs] [Times: user=0.11 sys=0.00, real=0.02 secs]
[GC (Allocation Failure) [PSYoungGen: 58880K->20646K(116736K)] 347500K->309266K(466432K), 0.0034858 secs] [Times: user=0.02 sys=0.00, real=0.00 secs]
[GC (Allocation Failure) [PSYoungGen: 79526K->17039K(116736K)] 368146K->325871K(466432K), 0.0026160 secs] [Times: user=0.02 sys=0.00, real=0.00 secs]
[GC (Allocation Failure) [PSYoungGen: 75919K->23752K(116736K)] 384751K->348210K(466432K), 0.0041645 secs] [Times: user=0.02 sys=0.02, real=0.00 secs]
[Full GC (Ergonomics) [PSYoungGen: 23752K->0K(116736K)] [ParOldGen: 324457K->303827K(349696K)] 348210K->303827K(466432K), [Metaspace: 2789K->2789K(1056768K)], 0.0178223 secs] [Times: user=0.11 sys=0.00, real=0.02 secs]
[GC (Allocation Failure) [PSYoungGen: 58880K->18282K(116736K)] 362707K->322109K(466432K), 0.0020133 secs] [Times: user=0.01 sys=0.00, real=0.00 secs]
[GC (Allocation Failure) [PSYoungGen: 76991K->23033K(116736K)] 380818K->343293K(466432K), 0.0025960 secs] [Times: user=0.02 sys=0.00, real=0.00 secs]
[Full GC (Ergonomics) [PSYoungGen: 23033K->0K(116736K)] [ParOldGen: 320260K->314854K(349696K)] 343293K->314854K(466432K), [Metaspace: 2789K->2789K(1056768K)], 0.0177421 secs] [Times: user=0.10 sys=0.00, real=0.02 secs]
[Full GC (Ergonomics) [PSYoungGen: 58880K->0K(116736K)] [ParOldGen: 314854K->318508K(349696K)] 373734K->318508K(466432K), [Metaspace: 2789K->2789K(1056768K)], 0.0221786 secs] [Times: user=0.10 sys=0.04, real=0.03 secs]
[Full GC (Ergonomics) [PSYoungGen: 58880K->0K(116736K)] [ParOldGen: 318508K->323001K(349696K)] 377388K->323001K(466432K), [Metaspace: 2789K->2789K(1056768K)], 0.0189714 secs] [Times: user=0.10 sys=0.01, real=0.02 secs]
[Full GC (Ergonomics) [PSYoungGen: 58726K->0K(116736K)] [ParOldGen: 323001K->326857K(349696K)] 381728K->326857K(466432K), [Metaspace: 2789K->2789K(1056768K)], 0.0190738 secs] [Times: user=0.11 sys=0.00, real=0.02 secs]
[Full GC (Ergonomics) [PSYoungGen: 58758K->0K(116736K)] [ParOldGen: 326857K->332167K(349696K)] 385615K->332167K(466432K), [Metaspace: 2789K->2789K(1056768K)], 0.0179850 secs] [Times: user=0.11 sys=0.01, real=0.02 secs]
[Full GC (Ergonomics) [PSYoungGen: 58699K->0K(116736K)] [ParOldGen: 332167K->328845K(349696K)] 390866K->328845K(466432K), [Metaspace: 2789K->2789K(1056768K)], 0.0172041 secs] [Times: user=0.11 sys=0.01, real=0.02 secs]
[Full GC (Ergonomics) [PSYoungGen: 58880K->0K(116736K)] [ParOldGen: 328845K->332236K(349696K)] 387725K->332236K(466432K), [Metaspace: 2789K->2789K(1056768K)], 0.0169560 secs] [Times: user=0.11 sys=0.00, real=0.01 secs]
[Full GC (Ergonomics) [PSYoungGen: 58880K->0K(116736K)] [ParOldGen: 332236K->333194K(349696K)] 391116K->333194K(466432K), [Metaspace: 2789K->2789K(1056768K)], 0.0182122 secs] [Times: user=0.12 sys=0.00, real=0.02 secs]
[Full GC (Ergonomics) [PSYoungGen: 58406K->0K(116736K)] [ParOldGen: 333194K->338501K(349696K)] 391601K->338501K(466432K), [Metaspace: 2789K->2789K(1056768K)], 0.0186385 secs] [Times: user=0.12 sys=0.01, real=0.02 secs]
[Full GC (Ergonomics) [PSYoungGen: 58866K->0K(116736K)] [ParOldGen: 338501K->340553K(349696K)] 397367K->340553K(466432K), [Metaspace: 2789K->2789K(1056768K)], 0.0179477 secs] [Times: user=0.12 sys=0.00, real=0.02 secs]
[Full GC (Ergonomics) [PSYoungGen: 58880K->0K(116736K)] [ParOldGen: 340553K->341542K(349696K)] 399433K->341542K(466432K), [Metaspace: 2789K->2789K(1056768K)], 0.0190097 secs] [Times: user=0.12 sys=0.01, real=0.02 secs]
[Full GC (Ergonomics) [PSYoungGen: 58523K->0K(116736K)] [ParOldGen: 341542K->338815K(349696K)] 400065K->338815K(466432K), [Metaspace: 2789K->2789K(1056768K)], 0.0174022 secs] [Times: user=0.11 sys=0.00, real=0.01 secs]
[Full GC (Ergonomics) [PSYoungGen: 58880K->0K(116736K)] [ParOldGen: 338815K->343412K(349696K)] 397695K->343412K(466432K), [Metaspace: 2789K->2789K(1056768K)], 0.0203097 secs] [Times: user=0.11 sys=0.01, real=0.02 secs]
[Full GC (Ergonomics) [PSYoungGen: 58880K->0K(116736K)] [ParOldGen: 343412K->339420K(349696K)] 402292K->339420K(466432K), [Metaspace: 2789K->2789K(1056768K)], 0.0181295 secs] [Times: user=0.10 sys=0.00, real=0.02 secs]
[Full GC (Ergonomics) [PSYoungGen: 58837K->0K(116736K)] [ParOldGen: 339420K->338232K(349696K)] 398258K->338232K(466432K), [Metaspace: 2789K->2789K(1056768K)], 0.0190767 secs] [Times: user=0.10 sys=0.01, real=0.02 secs]
[Full GC (Ergonomics) [PSYoungGen: 58880K->0K(116736K)] [ParOldGen: 338232K->340831K(349696K)] 397112K->340831K(466432K), [Metaspace: 2789K->2789K(1056768K)], 0.0176292 secs] [Times: user=0.10 sys=0.00, real=0.02 secs]
[Full GC (Ergonomics) [PSYoungGen: 58352K->0K(116736K)] [ParOldGen: 340831K->346129K(349696K)] 399184K->346129K(466432K), [Metaspace: 2789K->2789K(1056768K)], 0.0204322 secs] [Times: user=0.12 sys=0.00, real=0.03 secs]
[Full GC (Ergonomics) [PSYoungGen: 58865K->546K(116736K)] [ParOldGen: 346129K->349656K(349696K)] 404995K->350203K(466432K), [Metaspace: 2789K->2789K(1056768K)], 0.0216355 secs] [Times: user=0.13 sys=0.01, real=0.02 secs]
[Full GC (Ergonomics) [PSYoungGen: 58880K->1002K(116736K)] [ParOldGen: 349656K->349517K(349696K)] 408536K->350519K(466432K), [Metaspace: 2789K->2789K(1056768K)], 0.0211779 secs] [Times: user=0.14 sys=0.00, real=0.02 secs]